// Jest Snapshot v1, https://goo.gl/fbAQLP

exports[`Snapshot testing. Snapshot de AdsBoard 1`] = `ShallowWrapper {}`;
